=== Building Zig Kernel ===
asus@assus-x540sa:~/zig_kernel$ ./run.sh >> error.log
install
└─ install kernel
   └─ compile exe kernel Debug x86_64-freestanding 1 errors
src/arch/idt.zig:90:5: error: use of undeclared identifier 'vga'
    vga.write( [IDT] Zeroing entries...n);
    ^~~
error: 1 compilation errors
failed command: /usr/lib/zig/0.16.0/zig build-exe -fllvm -fentry=_start /home/asus/zig_kernel/build/entry.o /home/asus/zig_kernel/build/isr.o -ODebug -target x86_64-freestanding -mcpu x86_64 -Mroot=/home/asus/zig_kernel/src/main.zig --cache-dir .zig-cache --global-cache-dir /home/asus/.cache/zig --name kernel --script /home/asus/zig_kernel/linker.ld --zig-lib-dir /usr/lib/zig/0.16.0/lib/ --listen=-

Build Summary: 3/6 steps succeeded (1 failed)
install transitive failure
└─ install kernel transitive failure
   └─ compile exe kernel Debug x86_64-freestanding 1 errors

error: the following build command failed with exit code 1:
.zig-cache/o/1cf3654a5e1fbb10c33b03f2e7a5b0b2/build /usr/lib/zig/0.16.0/zig /usr/lib/zig/0.16.0/lib /home/asus/zig_kernel .zig-cache /home/asus/.cache/zig --seed 0xf7f2acae -Zf920eb3cc81cc676
asus@assus-x540sa:~/zig_kernel$ 
asus@assus-x540sa:~/zig_kernel$ ./run.sh
=== Building Zig Kernel ===
=== Creating ISO ===
xorriso 1.5.6 : RockRidge filesystem manipulator, libburnia project.

Drive current: -outdev 'stdio:kernel.iso'
Media current: stdio file, overwriteable
Media status : is blank
Media summary: 0 sessions, 0 data blocks, 0 data,  855g free
Added to ISO image: directory '/'='/tmp/grub.1DaRlw'
xorriso : UPDATE :     674 files added in 1 seconds
Added to ISO image: directory '/'='/home/asus/zig_kernel/isodir'
xorriso : UPDATE :     678 files added in 1 seconds
xorriso : NOTE : Copying to System Area: 512 bytes from file '/usr/lib/grub/i386-pc/boot_hybrid.img'
xorriso : UPDATE :  68.22% done
ISO image produced: 11633 sectors
Written to medium : 11633 sectors at LBA 0
Writing to 'stdio:kernel.iso' completed successfully.

=== Launching QEMU ===
  Network: e1000 NIC, port forward 8080→80
  Open http://localhost:8080 in host browser to test

[BOOT] Kernel loaded
[SYSTEM] Initializing...
[SYSTEM] Multiboot verified OK
[SYSTEM] PIC initialized
[IDT] Zeroing entries...
[IDT] Setting ISR entries 0-31...
asus@assus-x540sa:~/zig_kernel$ 
