[BOOT] Kernel loaded
[BOOT] GDT initialized with ring 3 segments
[SYSTEM] Initializing...
[SYSTEM] Multiboot verified OK
[SYSTEM] PIC initialized
[IDT] Zeroing entries...
[IDT] Setting ISR entries 0-31...
[IDT] Setting IRQ entries 32-47...
[IDT] Setting syscall gate 0x80...
[IDT] Loading IDT register...
[IDT] IDT loaded OK
[SYSTEM] IDT loaded (256 entries)
[SYSTEM] Enabling interrupts...
[SYSTEM] Interrupts enabled
[SYSTEM] System init complete
[BOOT] System init done
[MEM] Physical memory manager initialized
[MEM] Total pages: 32768, free: 31622
[VMM] Virtual memory manager initialized
[VMM] CR3=0x0000000000425000
[KERNEL] Initializing kernel...
[SCHED] Scheduler initialized
[SCHED] Kernel task 0 registered, entry=0x0000000000154890
[SCHED] Kernel task 1 registered, entry=0x0000000000154630
[ADDRSPACE] Created address space, PML4=0x000000000047A000
[ADDRSPACE] kernel_start = 0x0000000000100000, kernel_end = 0x00000000004797F0
[ELF] Loading binary segments...
[ELF] Loaded PT_LOAD segment: vaddr=0x0000000002000000 size=0x00000000000001C8
[ELF] Loaded PT_LOAD segment: vaddr=0x00